// Jest Snapshot v1, https://goo.gl/fbAQLP

exports[`SidebarLink with children in auto mode 1`] = `<!---->`;

exports[`SidebarLink with headers but no children 1`] = `<!---->`;

exports[`SidebarLink without children and headers 1`] = `
<router-link-stub
  class="active sidebar-link"
>
  No Children and Headers
</router-link-stub>
`;
