// Jest Snapshot v1, https://goo.gl/fbAQLP

exports[`DefaultList list items 1`] = `
<div>
  <ul>
    <li>
      <a
        rel="noopener noreferrer"
        target="_blank"
      >
        Bitcoin
      </a>
      , The 1st Crytocurrency in the world
    
    </li>
    <li>
      <a
        rel="noopener noreferrer"
        target="_blank"
      >
        Ethereum
      </a>
      , The smart contract blockchain
    
    </li>
  </ul>
</div>
`;

exports[`DefaultList list no items 1`] = `
<div>
  <ul />
</div>
`;
