// Jest Snapshot v1, https://goo.gl/fbAQLP

exports[`HomePage render successfully 1`] = `
<div>
  <div
    class="headline-text-container"
  >
    <h1
      class="headline-title"
    >
      Ethereum is a global, open-source platform for decentralized applications.
    </h1>
     
    <div
      class="headline-subtitle"
    >
      On Ethereum, you can write code that controls digital value, runs exactly as programmed, and is accessible anywhere in the world.
    </div>
  </div>
   
  <div
    class="intro-blocks"
  >
    <div
      class="intro-block"
    >
      <h3>
        <router-link
          to="/beginners/"
        >
          <span
            class="arrow"
          >
            →
          </span>
          Beginners
        
        </router-link>
      </h3>
       
      <ul>
        <li
          class="highlight"
        >
          <router-link
            class="black"
            to="/beginners/"
          >
            
            Completely new to Ethereum?
          
          </router-link>
        </li>
         
        <li>
          <router-link
            class="black"
            to="/beginners/"
          >
            
            What is Ethereum?
          
          </router-link>
        </li>
         
        <li>
          <router-link
            class="black"
            to="/beginners/"
          >
            
            Why should I care?
          
          </router-link>
        </li>
      </ul>
    </div>
     
    <div
      class="intro-block"
    >
      <h3>
        <router-link
          to="/use/"
        >
          <span
            class="arrow"
          >
            →
          </span>
          Use
        
        </router-link>
      </h3>
       
      <ul>
        <li>
          <router-link
            class="black"
            to="/use/#_1-use-an-application-built-on-ethereum"
          >
            
            What can I do with Ethereum today?
          
          </router-link>
        </li>
         
        <li>
          <router-link
            class="black"
            to="/use/#_2-what-is-eth-and-how-do-i-get-it"
          >
            
            How do I get Ether?
          
          </router-link>
        </li>
         
        <li>
          <router-link
            class="black"
            to="/use/#_3-what-is-a-wallet-and-which-one-should-i-use"
          >
            
            What's a wallet?
          
          </router-link>
        </li>
      </ul>
    </div>
     
    <div
      class="intro-block"
    >
      <h3>
        <router-link
          to="/learn/"
        >
          <span
            class="arrow"
          >
            →
          </span>
          Learn
        
        </router-link>
      </h3>
       
      <ul>
        <li>
          <router-link
            class="black"
            to="/learn/#ethereum-basics"
          >
            
            Beginner resources
          
          </router-link>
        </li>
         
        <li>
          <router-link
            class="black"
            to="/learn/#how-ethereum-works"
          >
            
            How Ethereum works
          
          </router-link>
        </li>
         
        <li>
          <router-link
            class="black"
            to="/learn/#eth-2-0"
          >
            
            ETH 2.0
          
          </router-link>
        </li>
      </ul>
    </div>
     
    <div
      class="intro-block"
    >
      <h3>
        <router-link
          to="/developers/"
        >
          <span
            class="arrow"
          >
            →
          </span>
          Developers
        
        </router-link>
      </h3>
       
      <ul>
        <li>
          <router-link
            class="black"
            to="/developers/#getting-started"
          >
            
            Getting started guides
          
          </router-link>
        </li>
         
        <li>
          <router-link
            class="black"
            to="/developers/#smart-contract-languages"
          >
            
            Learn to program smart contracts
          
          </router-link>
        </li>
         
        <li>
          <router-link
            class="black"
            to="/developers/#developer-tools"
          >
            
            Find the latest developer tools
          
          </router-link>
        </li>
      </ul>
    </div>
     
    <!---->
  </div>
</div>
`;
