// Jest Snapshot v1, https://goo.gl/fbAQLP

exports[`HomePage render successfully with Deutsch 1`] = `
<div>
  <div
    class="headline-text-container"
  >
    <h1
      class="headline-title"
    >
      Ethereum ist eine globale Open-Source-Plattform für dezentralisierte Anwendungen.
    </h1>
     
    <div
      class="headline-subtitle"
    >
      
      Auf Ethereum kannst du Code schreiben, der digitale Werte verwaltet, der exakt wie programmiert ausgeführt wird und der von überall auf der Welt zugänglich ist.
    
    </div>
     
    <router-link-stub
      class="button headline-button"
      to="/de/what-is-ethereum/"
    >
      Learn more
    </router-link-stub>
  </div>
   
  <div
    class="intro-blocks"
  >
    <!---->
     
    <div
      class="intro-block-nonenglish"
    >
      <h3>
        <router-link-stub
          to="/de/what-is-ethereum/"
        >
          <span
            class="arrow"
          >
            →
          </span>
          Anfänger
        
        </router-link-stub>
      </h3>
       
      <ul>
        <li
          class="highlight"
        >
          <router-link-stub
            class="black"
            to="/de/what-is-ethereum/"
          >
            
            Neu bei Ethereum?
          
          </router-link-stub>
        </li>
         
        <li>
          <router-link-stub
            class="black"
            to="/de/what-is-ethereum/"
          >
            
            Was ist Ethereum?
          
          </router-link-stub>
        </li>
         
        <li>
          <router-link-stub
            class="black"
            to="/de/what-is-ethereum/"
          >
            
            Welchen Nutzen bringt es mir?
          
          </router-link-stub>
        </li>
      </ul>
    </div>
     
    <div
      class="intro-block-nonenglish"
    >
      <h3>
        <router-link-stub
          to="/de/use/"
        >
          <span
            class="arrow"
          >
            →
          </span>
          Anwendung
        
        </router-link-stub>
      </h3>
       
      <ul>
        <li>
          <router-link-stub
            class="black"
            to="/de/use/#1-use-an-application-built-on-ethereum"
          >
            
            Was kann ich schon heute mit Ethereum tun?
          
          </router-link-stub>
        </li>
         
        <li>
          <router-link-stub
            class="black"
            to="/de/use/#2-what-is-eth-and-how-do-i-get-it"
          >
            
            Wie komme ich an Ether?
          
          </router-link-stub>
        </li>
         
        <li>
          <router-link-stub
            class="black"
            to="/de/use/#3-what-is-a-wallet-and-which-one-should-i-use"
          >
            
            Was ist eine Wallet?
          
          </router-link-stub>
        </li>
      </ul>
    </div>
     
    <div
      class="intro-block-nonenglish"
    >
      <h3>
        <router-link-stub
          to="/de/learn/"
        >
          <span
            class="arrow"
          >
            →
          </span>
          Lernen
        
        </router-link-stub>
      </h3>
       
      <ul>
        <li>
          <router-link-stub
            class="black"
            to="/de/learn/#ethereum-basics"
          >
            
            Die Ethereum-Grundlagen
          
          </router-link-stub>
        </li>
         
        <li>
          <router-link-stub
            class="black"
            to="/de/learn/#how-ethereum-works"
          >
            
            Wie Ethereum funktioniert
          
          </router-link-stub>
        </li>
         
        <li>
          <router-link-stub
            class="black"
            to="/de/learn/#eth-2-0"
          >
            
            ETH 2.0
          
          </router-link-stub>
        </li>
      </ul>
    </div>
     
    <div
      class="intro-block-nonenglish"
    >
      <h3>
        <router-link-stub
          to="/de/developers/"
        >
          <span
            class="arrow"
          >
            →
          </span>
          Entwickler
        
        </router-link-stub>
      </h3>
       
      <ul>
        <li>
          <router-link-stub
            class="black"
            to="/de/developers/#getting-started"
          >
            
            Erste Schritte
          
          </router-link-stub>
        </li>
         
        <!---->
         
        <li>
          <router-link-stub
            class="black"
            to="/de/developers/#smart-contract-languages"
          >
            
            Lerne Smart Contracts zu programmieren
          
          </router-link-stub>
        </li>
         
        <li>
          <router-link-stub
            class="black"
            to="/de/developers/#developer-tools"
          >
            
            Finde die neuesten Entwickler-Tools
          
          </router-link-stub>
        </li>
      </ul>
    </div>
     
    <!---->
  </div>
</div>
`;

exports[`HomePage show enterprise with en-US 1`] = `
<div>
  <div
    class="headline-text-container"
  >
    <h1
      class="headline-title"
    >
      Ethereum is a global, open-source platform for decentralized applications.
    </h1>
     
    <div
      class="headline-subtitle"
    >
      
      On Ethereum, you can write code that controls digital value, runs exactly as programmed, and is accessible anywhere in the world.
    
    </div>
     
    <router-link-stub
      class="button headline-button"
      to="/what-is-ethereum/"
    >
      Learn more
    </router-link-stub>
  </div>
   
  <div
    class="intro-blocks"
  >
    <div
      class="intro-block"
    >
      <h3
        class="header"
      >
        <span
          class="arrow"
        >
          →
        </span>
        For Individuals
      
      </h3>
       
      <ul>
        <li
          class="highlight highlight-small"
        >
          <router-link-stub
            class="black"
            to="/what-is-ethereum/"
          >
            
            What is Ethereum?
          
          </router-link-stub>
        </li>
         
        <li>
          <router-link-stub
            class="black"
            to="/dapps/"
          >
            
            Use Ethereum
          
          </router-link-stub>
        </li>
         
        <li>
          <router-link-stub
            class="black"
            to="/learn/"
          >
            
            Guides & Resources
          
          </router-link-stub>
        </li>
         
        <li>
          <router-link-stub
            class="black"
            to="/community/"
          >
            
            Ethereum Community
          
          </router-link-stub>
        </li>
      </ul>
    </div>
     
    <!---->
     
    <!---->
     
    <!---->
     
    <div
      class="intro-block"
    >
      <h3>
        <router-link-stub
          to="/developers/"
        >
          <span
            class="arrow"
          >
            →
          </span>
          For Developers
        
        </router-link-stub>
      </h3>
       
      <ul>
        <!---->
         
        <li>
          <router-link-stub
            class="black"
            to="/build/"
          >
            
            Getting started guides
          
          </router-link-stub>
        </li>
         
        <li>
          <router-link-stub
            class="black"
            to="/developers/#smart-contract-languages"
          >
            
            Learn to program smart contracts
          
          </router-link-stub>
        </li>
         
        <li>
          <router-link-stub
            class="black"
            to="/developers/#developer-tools"
          >
            
            Latest developer tools
          
          </router-link-stub>
        </li>
      </ul>
    </div>
     
    <div
      class="intro-block"
    >
      <h3>
        <router-link-stub
          to="/enterprise/"
        >
          <span
            class="arrow"
          >
            →
          </span>
          For Enterprise
        
        </router-link-stub>
      </h3>
       
      <ul>
        <li>
          <router-link-stub
            class="black"
            to="/enterprise/#why-enterprise-ethereum"
          >
            
            Why Enterprise Ethereum?
          
          </router-link-stub>
        </li>
         
        <li>
          <router-link-stub
            class="black"
            to="/enterprise/#enterprise-features"
          >
            
            Enterprise Features
          
          </router-link-stub>
        </li>
         
        <li>
          <router-link-stub
            class="black"
            to="/enterprise/#enterprise-developer-community"
          >
            
            Enterprise Developer Community
          
          </router-link-stub>
        </li>
      </ul>
    </div>
  </div>
</div>
`;
